// Jest Snapshot v1, https://goo.gl/fbAQLP

exports[`Component: Input should render correctly 1`] = `
<View
  style={
    {
      "backgroundColor": "#22222F",
      "borderRadius": 8,
      "flexDirection": "row",
      "fontFamily": "Nunito_400Regular",
      "fontSize": 16,
      "height": 56,
      "paddingHorizontal": 20,
      "width": "100%",
    }
  }
>
  <TextInput
    placeholder="placeholder"
    placeholderTextColor="#7F7F98"
    style={
      {
        "color": "#FFFFFF",
        "flex": 1,
      }
    }
  />
</View>
`;
